2026-08-01 12:22:47 [main] INFO  c.e.multi_stage_price.MultiStagePriceApplication - Starting MultiStagePriceApplication using Java 21.0.11 with PID 52559 (/Users/jiangzi/IdeaProjects/multi-stage-price/target/classes started by jiangzi in /Users/jiangzi/IdeaProjects)
2026-08-01 12:22:47 [main] INFO  c.e.multi_stage_price.MultiStagePriceApplication - No active profile set, falling back to 1 default profile: "default"
2026-08-01 12:22:48 [main] INFO  o.s.d.r.config.RepositoryConfigurationDelegate - Multiple Spring Data modules found, entering strict repository configuration mode
2026-08-01 12:22:48 [main] INFO  o.s.d.r.config.RepositoryConfigurationDelegate - Bootstrapping Spring Data Redis repositories in DEFAULT mode.
2026-08-01 12:22:48 [main] INFO  o.s.d.r.config.RepositoryConfigurationDelegate - Finished Spring Data repository scanning in 3 ms. Found 0 Redis repository interfaces.
2026-08-01 12:22:48 [main] INFO  org.springframework.boot.tomcat.TomcatWebServer - Tomcat initialized with port 8083 (http)
2026-08-01 12:22:48 [main] INFO  org.apache.coyote.http11.Http11NioProtocol - Initializing ProtocolHandler ["http-nio-8083"]
2026-08-01 12:22:48 [main] INFO  org.apache.catalina.core.StandardService - Starting service [Tomcat]
2026-08-01 12:22:48 [main] INFO  org.apache.catalina.core.StandardEngine - Starting Servlet engine: [Apache Tomcat/11.0.21]
2026-08-01 12:22:48 [main] INFO  o.s.b.w.c.servlet.WebApplicationContextInitializer - Root WebApplicationContext: initialization completed in 539 ms
2026-08-01 12:22:48 [main] WARN  i.n.resolver.dns.DnsServerAddressStreamProviders - Can not find io.netty.resolver.dns.macos.MacOSDnsServerAddressStreamProvider in the classpath, fallback to system defaults. This may result in incorrect DNS resolutions on MacOS. Check whether you have a dependency on 'io.netty:netty-resolver-dns-native-macos'
2026-08-01 12:22:48 [main] INFO  org.apache.coyote.http11.Http11NioProtocol - Starting ProtocolHandler ["http-nio-8083"]
2026-08-01 12:22:48 [main] INFO  org.springframework.boot.tomcat.TomcatWebServer - Tomcat started on port 8083 (http) with context path '/'
2026-08-01 12:22:48 [main] INFO  c.e.multi_stage_price.MultiStagePriceApplication - Started MultiStagePriceApplication in 1.197 seconds (process running for 1.475)
2026-08-01 12:23:00 [scheduling-1] INFO  c.example.multi_stage_price.schedule.CheckSchedule - checking the prize records from Sat Aug 01 12:22:00 CEST 2026 to Sat Aug 01 12:23:00 CEST 2026
2026-08-01 12:23:00 [scheduling-1] INFO  com.zaxxer.hikari.HikariDataSource - HikariPool-1 - Starting...
2026-08-01 12:23:00 [scheduling-1] INFO  com.zaxxer.hikari.pool.HikariPool - HikariPool-1 - Added connection com.mysql.cj.jdbc.ConnectionImpl@107dd09e
2026-08-01 12:23:00 [scheduling-1] INFO  com.zaxxer.hikari.HikariDataSource - HikariPool-1 - Start completed.
2026-08-01 12:23:00 [scheduling-1] INFO  c.example.multi_stage_price.schedule.CheckSchedule - new records: prize record 0, coin record 0
2026-08-01 12:23:00 [scheduling-1] INFO  c.example.multi_stage_price.schedule.CheckSchedule - from Sat Aug 01 12:22:00 CEST 2026 to Sat Aug 01 12:23:00 CEST 2026 everything is normal
2026-08-01 12:24:00 [scheduling-1] INFO  c.example.multi_stage_price.schedule.CheckSchedule - checking the prize records from Sat Aug 01 12:23:00 CEST 2026 to Sat Aug 01 12:24:00 CEST 2026
2026-08-01 12:24:00 [scheduling-1] INFO  c.example.multi_stage_price.schedule.CheckSchedule - new records: prize record 0, coin record 0
2026-08-01 12:24:00 [scheduling-1] INFO  c.example.multi_stage_price.schedule.CheckSchedule - from Sat Aug 01 12:23:00 CEST 2026 to Sat Aug 01 12:24:00 CEST 2026 everything is normal
2026-08-01 12:25:00 [scheduling-1] INFO  c.example.multi_stage_price.schedule.CheckSchedule - checking the prize records from Sat Aug 01 12:24:00 CEST 2026 to Sat Aug 01 12:25:00 CEST 2026
2026-08-01 12:25:00 [scheduling-1] INFO  c.example.multi_stage_price.schedule.CheckSchedule - new records: prize record 0, coin record 0
2026-08-01 12:25:00 [scheduling-1] INFO  c.example.multi_stage_price.schedule.CheckSchedule - from Sat Aug 01 12:24:00 CEST 2026 to Sat Aug 01 12:25:00 CEST 2026 everything is normal
2026-08-01 12:26:00 [scheduling-1] INFO  c.example.multi_stage_price.schedule.CheckSchedule - checking the prize records from Sat Aug 01 12:25:00 CEST 2026 to Sat Aug 01 12:26:00 CEST 2026
2026-08-01 12:26:00 [scheduling-1] INFO  c.example.multi_stage_price.schedule.CheckSchedule - new records: prize record 0, coin record 0
2026-08-01 12:26:00 [scheduling-1] INFO  c.example.multi_stage_price.schedule.CheckSchedule - from Sat Aug 01 12:25:00 CEST 2026 to Sat Aug 01 12:26:00 CEST 2026 everything is normal
2026-08-01 12:27:00 [scheduling-1] INFO  c.example.multi_stage_price.schedule.CheckSchedule - checking the prize records from Sat Aug 01 12:26:00 CEST 2026 to Sat Aug 01 12:27:00 CEST 2026
2026-08-01 12:27:00 [scheduling-1] INFO  c.example.multi_stage_price.schedule.CheckSchedule - new records: prize record 0, coin record 0
2026-08-01 12:27:00 [scheduling-1] INFO  c.example.multi_stage_price.schedule.CheckSchedule - from Sat Aug 01 12:26:00 CEST 2026 to Sat Aug 01 12:27:00 CEST 2026 everything is normal
2026-08-01 12:28:00 [scheduling-1] INFO  c.example.multi_stage_price.schedule.CheckSchedule - checking the prize records from Sat Aug 01 12:27:00 CEST 2026 to Sat Aug 01 12:28:00 CEST 2026
2026-08-01 12:28:00 [scheduling-1] INFO  c.example.multi_stage_price.schedule.CheckSchedule - new records: prize record 0, coin record 0
2026-08-01 12:28:00 [scheduling-1] INFO  c.example.multi_stage_price.schedule.CheckSchedule - from Sat Aug 01 12:27:00 CEST 2026 to Sat Aug 01 12:28:00 CEST 2026 everything is normal
2026-08-01 12:29:00 [scheduling-1] INFO  c.example.multi_stage_price.schedule.CheckSchedule - checking the prize records from Sat Aug 01 12:28:00 CEST 2026 to Sat Aug 01 12:29:00 CEST 2026
2026-08-01 12:29:00 [scheduling-1] INFO  c.example.multi_stage_price.schedule.CheckSchedule - new records: prize record 0, coin record 0
2026-08-01 12:29:00 [scheduling-1] INFO  c.example.multi_stage_price.schedule.CheckSchedule - from Sat Aug 01 12:28:00 CEST 2026 to Sat Aug 01 12:29:00 CEST 2026 everything is normal
2026-08-01 12:30:00 [scheduling-1] INFO  c.example.multi_stage_price.schedule.CheckSchedule - checking the prize records from Sat Aug 01 12:29:00 CEST 2026 to Sat Aug 01 12:30:00 CEST 2026
2026-08-01 12:30:00 [scheduling-1] INFO  c.example.multi_stage_price.schedule.CheckSchedule - new records: prize record 0, coin record 0
2026-08-01 12:30:00 [scheduling-1] INFO  c.example.multi_stage_price.schedule.CheckSchedule - from Sat Aug 01 12:29:00 CEST 2026 to Sat Aug 01 12:30:00 CEST 2026 everything is normal
2026-08-01 12:30:08 [SpringApplicationShutdownHook] INFO  org.springframework.boot.tomcat.GracefulShutdown - Commencing graceful shutdown. Waiting for active requests to complete
2026-08-01 12:30:08 [tomcat-shutdown] INFO  org.springframework.boot.tomcat.GracefulShutdown - Graceful shutdown complete
2026-08-01 12:30:08 [SpringApplicationShutdownHook] INFO  com.zaxxer.hikari.HikariDataSource - HikariPool-1 - Shutdown initiated...
2026-08-01 12:30:08 [SpringApplicationShutdownHook] INFO  com.zaxxer.hikari.HikariDataSource - HikariPool-1 - Shutdown completed.
2026-08-01 12:30:21 [main] INFO  c.e.multi_stage_price.MultiStagePriceApplication - Starting MultiStagePriceApplication using Java 21.0.11 with PID 52763 (/Users/jiangzi/IdeaProjects/multi-stage-price/target/classes started by jiangzi in /Users/jiangzi/IdeaProjects)
2026-08-01 12:30:21 [main] INFO  c.e.multi_stage_price.MultiStagePriceApplication - No active profile set, falling back to 1 default profile: "default"
2026-08-01 12:30:22 [main] INFO  o.s.d.r.config.RepositoryConfigurationDelegate - Multiple Spring Data modules found, entering strict repository configuration mode
2026-08-01 12:30:22 [main] INFO  o.s.d.r.config.RepositoryConfigurationDelegate - Bootstrapping Spring Data Redis repositories in DEFAULT mode.
2026-08-01 12:30:22 [main] INFO  o.s.d.r.config.RepositoryConfigurationDelegate - Finished Spring Data repository scanning in 4 ms. Found 0 Redis repository interfaces.
2026-08-01 12:30:22 [main] INFO  org.springframework.boot.tomcat.TomcatWebServer - Tomcat initialized with port 8083 (http)
2026-08-01 12:30:22 [main] INFO  org.apache.coyote.http11.Http11NioProtocol - Initializing ProtocolHandler ["http-nio-8083"]
2026-08-01 12:30:22 [main] INFO  org.apache.catalina.core.StandardService - Starting service [Tomcat]
2026-08-01 12:30:22 [main] INFO  org.apache.catalina.core.StandardEngine - Starting Servlet engine: [Apache Tomcat/11.0.21]
2026-08-01 12:30:22 [main] INFO  o.s.b.w.c.servlet.WebApplicationContextInitializer - Root WebApplicationContext: initialization completed in 590 ms
2026-08-01 12:30:22 [main] WARN  i.n.resolver.dns.DnsServerAddressStreamProviders - Can not find io.netty.resolver.dns.macos.MacOSDnsServerAddressStreamProvider in the classpath, fallback to system defaults. This may result in incorrect DNS resolutions on MacOS. Check whether you have a dependency on 'io.netty:netty-resolver-dns-native-macos'
2026-08-01 12:30:22 [main] INFO  org.apache.coyote.http11.Http11NioProtocol - Starting ProtocolHandler ["http-nio-8083"]
2026-08-01 12:30:22 [main] INFO  org.springframework.boot.tomcat.TomcatWebServer - Tomcat started on port 8083 (http) with context path '/'
2026-08-01 12:30:22 [main] INFO  c.e.multi_stage_price.MultiStagePriceApplication - Started MultiStagePriceApplication in 1.339 seconds (process running for 1.695)
2026-08-01 12:31:00 [scheduling-1] INFO  c.example.multi_stage_price.schedule.CheckSchedule - checking the prize records from Sat Aug 01 12:30:00 CEST 2026 to Sat Aug 01 12:31:00 CEST 2026
2026-08-01 12:31:00 [scheduling-1] INFO  com.zaxxer.hikari.HikariDataSource - HikariPool-1 - Starting...
2026-08-01 12:31:00 [scheduling-1] INFO  com.zaxxer.hikari.pool.HikariPool - HikariPool-1 - Added connection com.mysql.cj.jdbc.ConnectionImpl@3ad0c177
2026-08-01 12:31:00 [scheduling-1] INFO  com.zaxxer.hikari.HikariDataSource - HikariPool-1 - Start completed.
2026-08-01 12:31:00 [scheduling-1] INFO  c.example.multi_stage_price.schedule.CheckSchedule - new records: prize record 0, coin record 0
2026-08-01 12:31:00 [scheduling-1] INFO  c.example.multi_stage_price.schedule.CheckSchedule - from Sat Aug 01 12:30:00 CEST 2026 to Sat Aug 01 12:31:00 CEST 2026 everything is normal
2026-08-01 12:32:00 [scheduling-1] INFO  c.example.multi_stage_price.schedule.CheckSchedule - checking the prize records from Sat Aug 01 12:31:00 CEST 2026 to Sat Aug 01 12:32:00 CEST 2026
2026-08-01 12:32:00 [scheduling-1] INFO  c.example.multi_stage_price.schedule.CheckSchedule - new records: prize record 0, coin record 0
2026-08-01 12:32:00 [scheduling-1] INFO  c.example.multi_stage_price.schedule.CheckSchedule - from Sat Aug 01 12:31:00 CEST 2026 to Sat Aug 01 12:32:00 CEST 2026 everything is normal
2026-08-01 12:33:00 [scheduling-1] INFO  c.example.multi_stage_price.schedule.CheckSchedule - checking the prize records from Sat Aug 01 12:32:00 CEST 2026 to Sat Aug 01 12:33:00 CEST 2026
2026-08-01 12:33:00 [scheduling-1] INFO  c.example.multi_stage_price.schedule.CheckSchedule - new records: prize record 0, coin record 0
2026-08-01 12:33:00 [scheduling-1] INFO  c.example.multi_stage_price.schedule.CheckSchedule - from Sat Aug 01 12:32:00 CEST 2026 to Sat Aug 01 12:33:00 CEST 2026 everything is normal
2026-08-01 12:34:00 [scheduling-1] INFO  c.example.multi_stage_price.schedule.CheckSchedule - checking the prize records from Sat Aug 01 12:33:00 CEST 2026 to Sat Aug 01 12:34:00 CEST 2026
2026-08-01 12:34:00 [scheduling-1] INFO  c.example.multi_stage_price.schedule.CheckSchedule - new records: prize record 0, coin record 0
2026-08-01 12:34:00 [scheduling-1] INFO  c.example.multi_stage_price.schedule.CheckSchedule - from Sat Aug 01 12:33:00 CEST 2026 to Sat Aug 01 12:34:00 CEST 2026 everything is normal
2026-08-01 12:35:00 [scheduling-1] INFO  c.example.multi_stage_price.schedule.CheckSchedule - checking the prize records from Sat Aug 01 12:34:00 CEST 2026 to Sat Aug 01 12:35:00 CEST 2026
2026-08-01 12:35:00 [scheduling-1] INFO  c.example.multi_stage_price.schedule.CheckSchedule - new records: prize record 0, coin record 0
2026-08-01 12:35:00 [scheduling-1] INFO  c.example.multi_stage_price.schedule.CheckSchedule - from Sat Aug 01 12:34:00 CEST 2026 to Sat Aug 01 12:35:00 CEST 2026 everything is normal
2026-08-01 12:36:00 [scheduling-1] INFO  c.example.multi_stage_price.schedule.CheckSchedule - checking the prize records from Sat Aug 01 12:35:00 CEST 2026 to Sat Aug 01 12:36:00 CEST 2026
2026-08-01 12:36:00 [scheduling-1] INFO  c.example.multi_stage_price.schedule.CheckSchedule - new records: prize record 0, coin record 0
2026-08-01 12:36:00 [scheduling-1] INFO  c.example.multi_stage_price.schedule.CheckSchedule - from Sat Aug 01 12:35:00 CEST 2026 to Sat Aug 01 12:36:00 CEST 2026 everything is normal
2026-08-01 12:37:00 [scheduling-1] INFO  c.example.multi_stage_price.schedule.CheckSchedule - checking the prize records from Sat Aug 01 12:36:00 CEST 2026 to Sat Aug 01 12:37:00 CEST 2026
2026-08-01 12:37:00 [scheduling-1] INFO  c.example.multi_stage_price.schedule.CheckSchedule - new records: prize record 0, coin record 0
2026-08-01 12:37:00 [scheduling-1] INFO  c.example.multi_stage_price.schedule.CheckSchedule - from Sat Aug 01 12:36:00 CEST 2026 to Sat Aug 01 12:37:00 CEST 2026 everything is normal
2026-08-01 12:38:00 [scheduling-1] INFO  c.example.multi_stage_price.schedule.CheckSchedule - checking the prize records from Sat Aug 01 12:37:00 CEST 2026 to Sat Aug 01 12:38:00 CEST 2026
2026-08-01 12:38:00 [scheduling-1] INFO  c.example.multi_stage_price.schedule.CheckSchedule - new records: prize record 0, coin record 0
2026-08-01 12:38:00 [scheduling-1] INFO  c.example.multi_stage_price.schedule.CheckSchedule - from Sat Aug 01 12:37:00 CEST 2026 to Sat Aug 01 12:38:00 CEST 2026 everything is normal
2026-08-01 12:39:00 [scheduling-1] INFO  c.example.multi_stage_price.schedule.CheckSchedule - checking the prize records from Sat Aug 01 12:38:00 CEST 2026 to Sat Aug 01 12:39:00 CEST 2026
2026-08-01 12:39:00 [scheduling-1] INFO  c.example.multi_stage_price.schedule.CheckSchedule - new records: prize record 0, coin record 0
2026-08-01 12:39:00 [scheduling-1] INFO  c.example.multi_stage_price.schedule.CheckSchedule - from Sat Aug 01 12:38:00 CEST 2026 to Sat Aug 01 12:39:00 CEST 2026 everything is normal
2026-08-01 12:40:00 [scheduling-1] INFO  c.example.multi_stage_price.schedule.CheckSchedule - checking the prize records from Sat Aug 01 12:39:00 CEST 2026 to Sat Aug 01 12:40:00 CEST 2026
2026-08-01 12:40:00 [scheduling-1] INFO  c.example.multi_stage_price.schedule.CheckSchedule - new records: prize record 0, coin record 0
2026-08-01 12:40:00 [scheduling-1] INFO  c.example.multi_stage_price.schedule.CheckSchedule - from Sat Aug 01 12:39:00 CEST 2026 to Sat Aug 01 12:40:00 CEST 2026 everything is normal
2026-08-01 12:41:00 [scheduling-1] INFO  c.example.multi_stage_price.schedule.CheckSchedule - checking the prize records from Sat Aug 01 12:40:00 CEST 2026 to Sat Aug 01 12:41:00 CEST 2026
2026-08-01 12:41:00 [scheduling-1] INFO  c.example.multi_stage_price.schedule.CheckSchedule - new records: prize record 0, coin record 0
2026-08-01 12:41:00 [scheduling-1] INFO  c.example.multi_stage_price.schedule.CheckSchedule - from Sat Aug 01 12:40:00 CEST 2026 to Sat Aug 01 12:41:00 CEST 2026 everything is normal
2026-08-01 12:42:00 [scheduling-1] INFO  c.example.multi_stage_price.schedule.CheckSchedule - checking the prize records from Sat Aug 01 12:41:00 CEST 2026 to Sat Aug 01 12:42:00 CEST 2026
2026-08-01 12:42:00 [scheduling-1] INFO  c.example.multi_stage_price.schedule.CheckSchedule - new records: prize record 0, coin record 0
2026-08-01 12:42:00 [scheduling-1] INFO  c.example.multi_stage_price.schedule.CheckSchedule - from Sat Aug 01 12:41:00 CEST 2026 to Sat Aug 01 12:42:00 CEST 2026 everything is normal
2026-08-01 12:43:00 [scheduling-1] INFO  c.example.multi_stage_price.schedule.CheckSchedule - checking the prize records from Sat Aug 01 12:42:00 CEST 2026 to Sat Aug 01 12:43:00 CEST 2026
2026-08-01 12:43:00 [scheduling-1] INFO  c.example.multi_stage_price.schedule.CheckSchedule - new records: prize record 0, coin record 0
2026-08-01 12:43:00 [scheduling-1] INFO  c.example.multi_stage_price.schedule.CheckSchedule - from Sat Aug 01 12:42:00 CEST 2026 to Sat Aug 01 12:43:00 CEST 2026 everything is normal
2026-08-01 12:44:00 [scheduling-1] INFO  c.example.multi_stage_price.schedule.CheckSchedule - checking the prize records from Sat Aug 01 12:43:00 CEST 2026 to Sat Aug 01 12:44:00 CEST 2026
2026-08-01 12:44:00 [scheduling-1] INFO  c.example.multi_stage_price.schedule.CheckSchedule - new records: prize record 0, coin record 0
2026-08-01 12:44:00 [scheduling-1] INFO  c.example.multi_stage_price.schedule.CheckSchedule - from Sat Aug 01 12:43:00 CEST 2026 to Sat Aug 01 12:44:00 CEST 2026 everything is normal
2026-08-01 12:45:00 [scheduling-1] INFO  c.example.multi_stage_price.schedule.CheckSchedule - checking the prize records from Sat Aug 01 12:44:00 CEST 2026 to Sat Aug 01 12:45:00 CEST 2026
2026-08-01 12:45:00 [scheduling-1] INFO  c.example.multi_stage_price.schedule.CheckSchedule - new records: prize record 0, coin record 0
2026-08-01 12:45:00 [scheduling-1] INFO  c.example.multi_stage_price.schedule.CheckSchedule - from Sat Aug 01 12:44:00 CEST 2026 to Sat Aug 01 12:45:00 CEST 2026 everything is normal
2026-08-01 12:46:00 [scheduling-1] INFO  c.example.multi_stage_price.schedule.CheckSchedule - checking the prize records from Sat Aug 01 12:45:00 CEST 2026 to Sat Aug 01 12:46:00 CEST 2026
2026-08-01 12:46:00 [scheduling-1] INFO  c.example.multi_stage_price.schedule.CheckSchedule - new records: prize record 0, coin record 0
2026-08-01 12:46:00 [scheduling-1] INFO  c.example.multi_stage_price.schedule.CheckSchedule - from Sat Aug 01 12:45:00 CEST 2026 to Sat Aug 01 12:46:00 CEST 2026 everything is normal
2026-08-01 12:47:00 [scheduling-1] INFO  c.example.multi_stage_price.schedule.CheckSchedule - checking the prize records from Sat Aug 01 12:46:00 CEST 2026 to Sat Aug 01 12:47:00 CEST 2026
2026-08-01 12:47:00 [scheduling-1] INFO  c.example.multi_stage_price.schedule.CheckSchedule - new records: prize record 0, coin record 0
2026-08-01 12:47:00 [scheduling-1] INFO  c.example.multi_stage_price.schedule.CheckSchedule - from Sat Aug 01 12:46:00 CEST 2026 to Sat Aug 01 12:47:00 CEST 2026 everything is normal
2026-08-01 12:48:00 [scheduling-1] INFO  c.example.multi_stage_price.schedule.CheckSchedule - checking the prize records from Sat Aug 01 12:47:00 CEST 2026 to Sat Aug 01 12:48:00 CEST 2026
2026-08-01 12:48:00 [scheduling-1] INFO  c.example.multi_stage_price.schedule.CheckSchedule - new records: prize record 0, coin record 0
2026-08-01 12:48:00 [scheduling-1] INFO  c.example.multi_stage_price.schedule.CheckSchedule - from Sat Aug 01 12:47:00 CEST 2026 to Sat Aug 01 12:48:00 CEST 2026 everything is normal
